Raspbian GNU/Linux 9 raspberrypi ttyS0
raspberrypi login: [   83.191438] Under-voltage detected! (0x00050005)
pi


Password: 
Last login: Fri Nov  9 01:42:36 UTC 2018 from 192.168.1.9 on pts/0
Linux raspberrypi 4.14.70-v7+ #1144 SMP Tue Sep 18 17:34:46 BST 2018 armv7l

The programs included with the Debian GNU/Linux system are free software;
the exact distribution terms for each program are described in the
individual files in /usr/share/doc/*/copyright.

Debian GNU/Linux comes with ABSOLUTELY NO WARRANTY, to the extent
permitted by applicable law.
pi@raspberrypi:~$ cd migrate/

<<<<< running migrate stage 1
pi@raspberrypi:~/migrate$ sudo ./balena-stage1 
[01:45:51 balena-stage1] INFO: establishing required programs
[01:45:52 balena-stage1] INFO: checked required programs
[01:45:52 balena-stage1] INFO: LOG_DEBUG=TRUE, DEBUG_FUNCTS=main setupBootCfg_bb setupBootCfg_rpi
[01:45:52 balena-stage1] INFO: checking required files
[01:45:52 balena-stage1] INFO: HOME_DIR=/home/pi/migrate
[01:45:52 balena-stage1] INFO: platform is <raspberrypi>
[01:45:52 balena-stage1] INFO: detected raspberry PI
[01:45:52 balena-stage1] INFO: RPI_HW_REV=a22082
[01:45:52 balena-stage1] INFO: device is a Raspberry PI 3
[01:45:52 balena-stage1] INFO: KERNEL_VER=4.14.70-v7+
[01:45:52 balena-stage1] INFO: OS_VERSION=raspbian-9
[01:45:52 balena-stage1] INFO: root partition: /dev/mmcblk0p2 boot partition: /dev/mmcblk0p1 EFI partition: 
[01:45:52 balena-stage1] DEBUG: main: S2_BOOT_PATH=${ORIG_BOOT_MNT} S2_MOUNT_BOOT=TRUE
[01:45:52 balena-stage1] INFO: ROOT_DEV=/dev/mmcblk0, FS type: vfat
[01:45:52 balena-stage1] INFO: performing boot setup for RPI: armv7_rpi1
[01:45:52 balena-stage1] INFO: setupBootCfg_rpi
[01:45:52 balena-stage1] INFO: checking initramfs-tools config
[01:45:52 balena-stage1] INFO: created backup of /boot//boot/config.txt in /boot/config.txt.20181109-01-45-52
[01:45:52 balena-stage1] INFO: creating backup of /boot/cmdline.txt in cmdline.txt.20181109-01-45-52
[01:45:52 balena-stage1] DEBUG: setupBootCfg_rpi: RESTORE_BOOT_CFG_STAGE1=mv /boot/config.txt.20181109-01-45-52 /boot/config.txt && mv /boot/cmdline.txt.20181109-01-45-52 /boot/cmdline.txt
[01:45:52 balena-stage1] DEBUG: setupBootCfg_rpi: RESTORE_BOOT_CFG_STAGE2="cp ${ORIG_BOOT_MNT}/config.txt.20181109-01-45-52 ${ORIG_BOOT_MNT}/config.txt && cp ${ORIG_BOOT_MNT}/cmdline.txt.20181109-01-45-52 ${ORIG_BOOT_MNT}/cmdline.txt"
[01:45:52 balena-stage1] INFO: scanning /home/pi/migrate/RPI3-Test.config.json for wifi
[01:45:52 balena-stage1] INFO: creating config for wifi vodafone697F
[01:45:52 balena-stage1] INFO: creating initramfs: mkinitramfs -d /home/pi/migrate/initramfs-tools -o /home/pi/migrate/balena-migrate-initramfs-4.14.70-v7+
[01:45:58 balena-init] copy /bin/cat
[01:45:58 balena-init] copy /bin/cp
[01:45:59 balena-init] copy /bin/dd
[01:45:59 balena-init] copy /bin/df
[01:45:59 balena-init] copy /usr/bin/dirname
[01:45:59 balena-init] copy /bin/echo
[01:45:59 balena-init] copy /usr/bin/expr
[01:45:59 balena-init] copy /bin/grep
[01:45:59 balena-init] copy /bin/gzip
[01:45:59 balena-init] copy /bin/ls
[01:45:59 balena-init] copy /bin/lsblk
[01:46:00 balena-init] copy /bin/mkdir
[01:46:00 balena-init] copy /bin/mv
[01:46:00 balena-init] copy /sbin/parted
[01:46:00 balena-init] copy /sbin/partprobe
[01:46:00 balena-init] copy /sbin/reboot
[01:46:01 balena-init] copy /bin/sync
[01:46:01 balena-init] copy /usr/bin/stat
[01:46:01 balena-init] copy /usr/bin/touch
[01:46:01 balena-init] copy /bin/udevadm
[01:46:01 balena-init] copy /bin/cp
[01:46:01 balena-init] copy /bin/cat
[01:46:01 balena-init] copy /bin/rm
[01:46:01 balena-init] copy /bin/sleep
[01:46:01 balena-init] dest dir /var/tmp/mkinitramfs_7hXwNG
[01:46:01 balena-init] copy /etc/balena-migrate-stage2.conf
[01:46:01 balena-init] creating migrate dir /var/tmp/mkinitramfs_7hXwNG/balena-migrate
[01:46:01 balena-init] ...done
[01:46:01 balena-init] copying balena config from /home/pi/migrate/RPI3-Test.config.json to /var/tmp/mkinitramfs_7hXwNG/balena-migrate/
[01:46:01 balena-init] ..done
[01:46:01 balena-init] copying network config files to initramfs
[01:46:01 balena-init] copying /home/pi/migrate/resin-wifi-01
[01:46:01 balena-init] copying /home/pi/migrate/resin-wifi-02
[01:46:01 balena-init] copying /home/pi/migrate/resin-wifi-03
[01:46:07 balena-stage1] INFO: copying /home/pi/migrate/balena-migrate-initramfs-4.14.70-v7+ to /boot/
[01:46:07 balena-stage1] INFO: creating backup using tar -czf /home/pi/migrate/backup.tgz /etc
tar: Removing leading `/' from member names
[01:46:07 balena-stage1] INFO: ...done
[01:46:07 balena-stage1] INFO: total memory:  949444 kB
[01:46:07 balena-stage1] INFO: image file size: 148086 kB 
[01:46:07 balena-stage1] INFO: backup file size: 358 kB 
[01:46:07 balena-stage1] INFO: initramfs est. size: 13324 kB 
[01:46:07 balena-stage1] INFO: Est. memory left: 787676 kB 
[01:46:07 balena-stage1] INFO: rebooting system in 5 seconds
<<<<< system reboot
[[0;32m  OK  [0m] Started Show Plymouth Reboot Screen.


[[0;32m  OK  [0m] Deactivated swap /var/swap.


[[0;32m  OK  [0m] Unmounted RPC Pipe File System.


[[0;32m  OK  [0m] Stopped LSB: Autogenerate and use a swap file.


[[0;32m  OK  [0m] Stopped User Manager for UID 1000.


[[0;32m  OK  [0m] Removed slice User Slice of pi.


         Stopping Permit User Sessions...


         Stopping Login Service...


[[0;32m  OK  [0m] Stopped Login Service.


[[0;32m  OK  [0m] Stopped Permit User Sessions.


[[0;32m  OK  [0m] Stopped target Remote File Systems.


[[0;32m  OK  [0m] Stopped target Remote File Systems (Pre).


[[0;32m  OK  [0m] Stopped target NFS client services.


[[0;32m  OK  [0m] Stopped target Network.


         Stopping dhcpcd on all interfaces...


         Stopping Raise network interfaces...


[[0;32m  OK  [0m] Stopped Raise network interfaces.


[[0;32m  OK  [0m] Stopped dhcpcd on all interfaces.


[[0;32m  OK  [0m] Stopped Configure Bluetooth Modems connected by UART.


[[0;32m  OK  [0m] Stopped target Basic System.


[[0;32m  OK  [0m] Stopped target Slices.


[[0;32m  OK  [0m] Removed slice User and Session Slice.


[[0;32m  OK  [0m] Stopped Forward Password Requests to Plymouth Directory Watch.


[[0;32m  OK  [0m] Stopped target Sockets.


[[0;32m  OK  [0m] Closed D-Bus System Message Bus Socket.


[[0;32m  OK  [0m] Closed triggerhappy.socket.


[[0;32m  OK  [0m] Closed Syslog Socket.


[[0;32m  OK  [0m] Closed Avahi mDNS/DNS-SD Stack Activation Socket.


[[0;32m  OK  [0m] Stopped target Paths.


[[0;32m  OK  [0m] Stopped target System Initialization.


         Stopping Network Time Synchronization...


[[0;32m  OK  [0m] Stopped Apply Kernel Variables.


[[0;32m  OK  [0m] Stopped Load Kernel Modules.


[[0;32m  OK  [0m] Stopped target Swap.


         Stopping Update UTMP about System Boot/Shutdown...


         Stopping Restore / save the current clock...


         Stopping Load/Save Random Seed...


[[0;32m  OK  [0m] Stopped target Encrypted Volumes.


[[0;32m  OK  [0m] Stopped Forward Password Requests to Wall Directory Watch.


[[0;32m  OK  [0m] Stopped Restore / save the current clock.


[[0;32m  OK  [0m] Stopped Load/Save Random Seed.


[[0;32m  OK  [0m] Stopped Network Time Synchronization.


[[0;32m  OK  [0m] Stopped Update UTMP about System Boot/Shutdown.


[[0;32m  OK  [0m] Stopped Create Volatile Files and Directories.


[[0;32m  OK  [0m] Stopped target Local File Systems.


         Unmounting /run/user/1000...


         Unmounting /boot...


[[0;32m  OK  [0m] Unmounted /run/user/1000.


[[0;32m  OK  [0m] Unmounted /boot.


[[0;32m  OK  [0m] Reached target Unmount All Filesystems.


[[0;32m  OK  [0m] Stopped File System Check on /dev/disk/by-partuuid/428a0a72-01.


[[0;32m  OK  [0m] Stopped target Local File Systems (Pre).


[[0;32m  OK  [0m] Stopped Create Static Device Nodes in /dev.


[[0;32m  OK  [0m] Stopped Remount Root and Kernel File Systems.


[[0;32m  OK  [0m] Removed slice system-systemd\x2dfsck.slice.


[[0;32m  OK  [0m] Reached target Shutdown.


[  234.801070] reboot: Restarting system
[    0.000000] Booting Linux on physical CPU 0x0
[    0.000000] Linux version 4.14.70-v7+ (dc4@dc4-XPS13-9333) (gcc version 4.9.3 (crosstool-NG crosstool-ng-1.22.0-88-g8460611)) #1144 SMP Tue Sep 18 17:34:46 BST 2018
[    0.000000] CPU: ARMv7 Processor [410fd034] revision 4 (ARMv7), cr=10c5383d
[    0.000000] CPU: div instructions available: patching division code
[    0.000000] CPU: PIPT / VIPT nonaliasing data cache, VIPT aliasing instruction cache
[    0.000000] OF: fdt: Machine model: Raspberry Pi 3 Model B Rev 1.2
[    0.000000] Memory policy: Data cache writealloc
[    0.000000] cma: Reserved 8 MiB at 0x3ac00000
[    0.000000] On node 0 totalpages: 242688
[    0.000000] free_area_init_node: node 0, pgdat 80c84f80, node_mem_map ba39f000
[    0.000000]   Normal zone: 2133 pages used for memmap
[    0.000000]   Normal zone: 0 pages reserved
[    0.000000]   Normal zone: 242688 pages, LIFO batch:31
[    0.000000] percpu: Embedded 17 pages/cpu @ba348000 s38720 r8192 d22720 u69632
[    0.000000] pcpu-alloc: s38720 r8192 d22720 u69632 alloc=17*4096
[    0.000000] pcpu-alloc: [0] 0 [0] 1 [0] 2 [0] 3 
[    0.000000] Built 1 zonelists, mobility grouping on.  Total pages: 240555
[    0.000000] Kernel command line: 8250.nr_uarts=1 bcm2708_fb.fbwidth=656 bcm2708_fb.fbheight=416 bcm2708_fb.fbswap=1 vc_mem.mem_base=0x3ec00000 vc_mem.mem_size=0x40000000  dwc_otg.lpm_enable=0 console=ttyS0,115200 console=tty1 root=PARTUUID=428a0a72-02 rootfstype=ext4 elevator=deadline fsck.repair=yes rootwait debug
[    0.000000] PID hash table entries: 4096 (order: 2, 16384 bytes)
[    0.000000] Dentry cache hash table entries: 131072 (order: 7, 524288 bytes)
[    0.000000] Inode-cache hash table entries: 65536 (order: 6, 262144 bytes)
[    0.000000] Memory: 934308K/970752K available (7168K kernel code, 575K rwdata, 2076K rodata, 1024K init, 706K bss, 28252K reserved, 8192K cma-reserved)
[    0.000000] Virtual kernel memory layout:
[    0.000000]     vector  : 0xffff0000 - 0xffff1000   (   4 kB)
[    0.000000]     fixmap  : 0xffc00000 - 0xfff00000   (3072 kB)
[    0.000000]     vmalloc : 0xbb800000 - 0xff800000   (1088 MB)
[    0.000000]     lowmem  : 0x80000000 - 0xbb400000   ( 948 MB)
[    0.000000]     modules : 0x7f000000 - 0x80000000   (  16 MB)
[    0.000000]       .text : 0x80008000 - 0x80800000   (8160 kB)
[    0.000000]       .init : 0x80b00000 - 0x80c00000   (1024 kB)
[    0.000000]       .data : 0x80c00000 - 0x80c8fe8c   ( 576 kB)
[    0.000000]        .bss : 0x80c96f10 - 0x80d478b0   ( 707 kB)
[    0.000000] SLUB: HWalign=64, Order=0-3, MinObjects=0, CPUs=4, Nodes=1
[    0.000000] ftrace: allocating 25276 entries in 75 pages
[    0.000000] Hierarchical RCU implementation.
[    0.000000] NR_IRQS: 16, nr_irqs: 16, preallocated irqs: 16
[    0.000000] arch_timer: cp15 timer(s) running at 19.20MHz (phys).
[    0.000000] clocksource: arch_sys_counter: mask: 0xffffffffffffff max_cycles: 0x46d987e47, max_idle_ns: 440795202767 ns
[    0.000007] sched_clock: 56 bits at 19MHz, resolution 52ns, wraps every 4398046511078ns
[    0.000022] Switching to timer-based delay loop, resolution 52ns
[    0.000275] Console: colour dummy device 80x30
[    0.000911] console [tty1] enabled
[    0.000953] Calibrating delay loop (skipped), value calculated using timer frequency.. 38.40 BogoMIPS (lpj=192000)
[    0.000993] pid_max: default: 32768 minimum: 301
[    0.001321] Mount-cache hash table entries: 2048 (order: 1, 8192 bytes)
[    0.001355] Mountpoint-cache hash table entries: 2048 (order: 1, 8192 bytes)
[    0.002311] Disabling memory control group subsystem
[    0.002405] CPU: Testing write buffer coherency: ok
[    0.002829] CPU0: thread -1, cpu 0, socket 0, mpidr 80000000
[    0.003249] Setting up static identity map for 0x100000 - 0x10003c
[    0.003388] Hierarchical SRCU implementation.
[    0.004085] smp: Bringing up secondary CPUs ...
[    0.004888] CPU1: thread -1, cpu 1, socket 0, mpidr 80000001
[    0.005730] CPU2: thread -1, cpu 2, socket 0, mpidr 80000002
[    0.006557] CPU3: thread -1, cpu 3, socket 0, mpidr 80000003
[    0.006663] smp: Brought up 1 node, 4 CPUs
[    0.006735] SMP: Total of 4 processors activated (153.60 BogoMIPS).
[    0.006756] CPU: All CPU(s) started in HYP mode.
[    0.006774] CPU: Virtualization extensions available.
[    0.007666] devtmpfs: initialized
[    0.017840] random: get_random_u32 called from bucket_table_alloc+0xfc/0x24c with crng_init=0
[    0.018537] VFP support v0.3: implementor 41 architecture 3 part 40 variant 3 rev 4
[    0.018782] clocksource: jiffies: mask: 0xffffffff max_cycles: 0xffffffff, max_idle_ns: 19112604462750000 ns
[    0.018825] futex hash table entries: 1024 (order: 4, 65536 bytes)
[    0.019405] pinctrl core: initialized pinctrl subsystem
[    0.020196] NET: Registered protocol family 16
[    0.022832] DMA: preallocated 1024 KiB pool for atomic coherent allocations
[    0.027586] hw-breakpoint: found 5 (+1 reserved) breakpoint and 4 watchpoint registers.
[    0.027618] hw-breakpoint: maximum watchpoint size is 8 bytes.
[    0.027843] Serial: AMBA PL011 UART driver
[    0.029500] bcm2835-mbox 3f00b880.mailbox: mailbox enabled
[    0.030009] uart-pl011 3f201000.serial: could not find pctldev for node /soc/gpio@7e200000/uart0_pins, deferring probe
[    0.061505] bcm2835-dma 3f007000.dma: DMA legacy API manager at bb813000, dmachans=0x1
[    0.062942] SCSI subsystem initialized
[    0.063181] usbcore: registered new interface driver usbfs
[    0.063250] usbcore: registered new interface driver hub
[    0.063355] usbcore: registered new device driver usb
[    0.070083] raspberrypi-firmware soc:firmware: Attached to firmware from 2018-09-10 17:26
[    0.071421] clocksource: Switched to clocksource arch_sys_counter
[    0.148716] VFS: Disk quotas dquot_6.6.0
[    0.148829] VFS: Dquot-cache hash table entries: 1024 (order 0, 4096 bytes)
[    0.149032] FS-Cache: Loaded
[    0.149245] CacheFiles: Loaded
[    0.158021] NET: Registered protocol family 2
[    0.158760] TCP established hash table entries: 8192 (order: 3, 32768 bytes)
[    0.158890] TCP bind hash table entries: 8192 (order: 4, 65536 bytes)
[    0.159092] TCP: Hash tables configured (established 8192 bind 8192)
[    0.159237] UDP hash table entries: 512 (order: 2, 16384 bytes)
[    0.159298] UDP-Lite hash table entries: 512 (order: 2, 16384 bytes)
[    0.159540] NET: Registered protocol family 1
[    0.160008] RPC: Registered named UNIX socket transport module.
[    0.160032] RPC: Registered udp transport module.
[    0.160052] RPC: Registered tcp transport module.
[    0.160071] RPC: Registered tcp NFSv4.1 backchannel transport module.
[    0.160289] Trying to unpack rootfs image as initramfs...
[    0.646272] Freeing initrd memory: 5920K
[    0.651876] hw perfevents: enabled with armv7_cortex_a7 PMU driver, 7 counters available
[    0.654667] workingset: timestamp_bits=14 max_order=18 bucket_order=4
[    0.662578] FS-Cache: Netfs 'nfs' registered for caching
[    0.663204] NFS: Registering the id_resolver key type
[    0.663257] Key type id_resolver registered
[    0.663277] Key type id_legacy registered
[    0.663306] nfs4filelayout_init: NFSv4 File Layout Driver Registering...
[    0.665229] Block layer SCSI generic (bsg) driver version 0.4 loaded (major 251)
[    0.665382] io scheduler noop registered
[    0.665404] io scheduler deadline registered (default)
[    0.665696] io scheduler cfq registered
[    0.665717] io scheduler mq-deadline registered
[    0.665738] io scheduler kyber registered
[    0.668561] BCM2708FB: allocated DMA memory fad10000
[    0.668605] BCM2708FB: allocated DMA channel 0 @ bb813000
[    0.677165] Console: switching to colour frame buffer device 82x26
[    0.684714] Serial: 8250/16550 driver, 1 ports, IRQ sharing enabled
[    0.688381] bcm2835-rng 3f104000.rng: hwrng registered
[    0.690850] vc-mem: phys_addr:0x00000000 mem_base=0x3ec00000 mem_size:0x40000000(1024 MiB)
[    0.695955] vc-sm: Videocore shared memory driver
[    0.698524] gpiomem-bcm2835 3f200000.gpiomem: Initialised: Registers at 0x3f200000
[    0.712665] brd: module loaded
[    0.723582] loop: module loaded
[    0.725954] Loading iSCSI transport class v2.0-870.
[    0.728921] libphy: Fixed MDIO Bus: probed
[    0.731278] usbcore: registered new interface driver lan78xx
[    0.733616] usbcore: registered new interface driver smsc95xx
[    0.735824] dwc_otg: version 3.00a 10-AUG-2012 (platform bus)
[    0.765941] dwc_otg 3f980000.usb: base=0xf0980000
[    0.891418] NOHZ: local_softirq_pending 80
[    0.911419] NOHZ: local_softirq_pending 80
[    0.931418] NOHZ: local_softirq_pending 80
[    0.951418] NOHZ: local_softirq_pending 80
[    0.968381] Core Release: 2.80a
[    0.970404] Setting default values for core params
[    0.972479] Finished setting default values for core params
[    1.174755] Using Buffer DMA mode
[    1.176690] Periodic Transfer Interrupt Enhancement - disabled
[    1.178627] Multiprocessor Interrupt Enhancement - disabled
[    1.180565] OTG VER PARAM: 0, OTG VER FLAG: 0
[    1.182475] Dedicated Tx FIFOs mode
[    1.184600] WARN::dwc_otg_hcd_init:1046: FIQ DMA bounce buffers: virt = 0xbad04000 dma = 0xfad04000 len=9024
[    1.188474] FIQ FSM acceleration enabled for :
[    1.188474] Non-periodic Split Transactions
[    1.188474] Periodic Split Transactions
[    1.188474] High-Speed Isochronous Endpoints
[    1.188474] Interrupt/Control Split Transaction hack enabled
[    1.198230] dwc_otg: Microframe scheduler enabled
[    1.200256] WARN::hcd_init_fiq:459: FIQ on core 1 at 0x805e96c0
[    1.202307] WARN::hcd_init_fiq:460: FIQ ASM at 0x805e9a28 length 36
[    1.204414] WARN::hcd_init_fiq:486: MPHI regs_base at 0xf0006000
[    1.206626] dwc_otg 3f980000.usb: DWC OTG Controller
[    1.208910] dwc_otg 3f980000.usb: new USB bus registered, assigned bus number 1
[    1.211275] dwc_otg 3f980000.usb: irq 62, io mem 0x00000000
[    1.213641] Init: Port Power? op_state=1
[    1.215909] Init: Power Port (0)
[    1.218295] usb usb1: New USB device found, idVendor=1d6b, idProduct=0002
[    1.220606] usb usb1: New USB device strings: Mfr=3, Product=2, SerialNumber=1
[    1.222928] usb usb1: Product: DWC OTG Controller
[    1.225185] usb usb1: Manufacturer: Linux 4.14.70-v7+ dwc_otg_hcd
[    1.227496] usb usb1: SerialNumber: 3f980000.usb
[    1.230318] hub 1-0:1.0: USB hub found
[    1.232496] hub 1-0:1.0: 1 port detected
[    1.235071] dwc_otg: FIQ enabled
[    1.237124] dwc_otg: NAK holdoff enabled
[    1.239171] dwc_otg: FIQ split-transaction FSM enabled
[    1.241260] Module dwc_common_port init
[    1.243571] usbcore: registered new interface driver usb-storage
[    1.245859] mousedev: PS/2 mouse device common for all mice
[    1.248025] IR NEC protocol handler initialized
[    1.250136] IR RC5(x/sz) protocol handler initialized
[    1.252287] IR RC6 protocol handler initialized
[    1.254376] IR JVC protocol handler initialized
[    1.256383] IR Sony protocol handler initialized
[    1.258365] IR SANYO protocol handler initialized
[    1.260323] IR Sharp protocol handler initialized
[    1.262263] IR MCE Keyboard/mouse protocol handler initialized
[    1.264191] IR XMP protocol handler initialized
[    1.266777] bcm2835-wdt 3f100000.watchdog: Broadcom BCM2835 watchdog timer
[    1.269007] bcm2835-cpufreq: min=600000 max=1200000
[    1.271287] sdhci: Secure Digital Host Controller Interface driver
[    1.273318] sdhci: Copyright(c) Pierre Ossman
[    1.275650] mmc-bcm2835 3f300000.mmc: could not get clk, deferring probe
[    1.278098] sdhost-bcm2835 3f202000.mmc: could not get clk, deferring probe
[    1.280393] sdhci-pltfm: SDHCI platform and OF driver helper
[    1.284043] ledtrig-cpu: registered to indicate activity on CPUs
[    1.286519] hidraw: raw HID events driver (C) Jiri Kosina
[    1.288969] usbcore: registered new interface driver usbhid
[    1.291267] usbhid: USB HID core driver
[    1.294113] vchiq: vchiq_init_state: slot_zero = bad80000, is_master = 0
[    1.297850] [vc_sm_connected_init]: start
[    1.306642] [vc_sm_connected_init]: end - returning 0
[    1.309543] Initializing XFRM netlink socket
[    1.311945] NET: Registered protocol family 17
[    1.314393] Key type dns_resolver registered
[    1.317185] Registering SWP/SWPB emulation handler
[    1.320213] registered taskstats version 1
[    1.328452] uart-pl011 3f201000.serial: cts_event_workaround enabled
[    1.331011] 3f201000.serial: ttyAMA0 at MMIO 0x3f201000 (irq = 87, base_baud = 0) is a PL011 rev2
[    1.337545] console [ttyS0] disabled
[    1.339990] 3f215040.serial: ttyS0 at MMIO 0x0 (irq = 166, base_baud = 31250000) is a 16550
[    2.478637] console [ttyS0] enabled
[    2.485576] mmc-bcm2835 3f300000.mmc: mmc_debug:0 mmc_debug2:0
[    2.493974] mmc-bcm2835 3f300000.mmc: DMA channel allocated
[    2.562060] sdhost: log_buf @ bad07000 (fad07000)
[    2.593517] Indeed it is in host mode hprt0 = 00021501
[    2.670840] mmc1: queuing unknown CIS tuple 0x80 (2 bytes)
[    2.680369] mmc1: queuing unknown CIS tuple 0x80 (3 bytes)
[    2.683626] random: fast init done
[    2.693887] mmc0: sdhost-bcm2835 loaded - DMA enabled (>1)
[    2.702766] of_cfs_init
[    2.707635] of_cfs_init: OK
[    2.723063] mmc1: queuing unknown CIS tuple 0x80 (3 bytes)
[    2.723343] Freeing unused kernel memory: 1024K
[    2.740690] mmc1: queuing unknown CIS tuple 0x80 (7 bytes)
[    2.801170] systemd-udevd[86]: starting version 232
[    2.812438] random: systemd-udevd: uninitialized urandom read (16 bytes read)
[    2.819835] random: udevadm: uninitialized urandom read (16 bytes read)
[    2.822062] random: udevadm: uninitialized urandom read (16 bytes read)
[    2.840344] usb 1-1: new high-speed USB device number 2 using dwc_otg
[    2.849463] Indeed it is in host mode hprt0 = 00001101
[    2.927216] mmc0: host does not support reading read-only switch, assuming write-enable
[    2.941448] NOHZ: local_softirq_pending 80
[    2.952081] mmc0: new high speed SDHC card at address aaaa
[    2.963314] mmcblk0: mmc0:aaaa SC16G 14.8 GiB
[    2.976663]  mmcblk0: p1 p2
[    2.998806] mmc1: new high speed SDIO card at address 0001
[    3.091795] usb 1-1: New USB device found, idVendor=0424, idProduct=9514
[    3.101089] usb 1-1: New USB device strings: Mfr=0, Product=0, SerialNumber=0
[    3.111673] hub 1-1:1.0: USB hub found
[    3.118127] hub 1-1:1.0: 5 ports detected
[    3.137008] NOHZ: local_softirq_pending 40
[    3.143604] NOHZ: local_softirq_pending 2c2
[    3.150156] NOHZ: local_softirq_pending 2c2
[    3.156590] NOHZ: local_softirq_pending 2c2
[    3.162923] NOHZ: local_softirq_pending 2c2
[    3.441490] usb 1-1.1: new high-speed USB device number 3 using dwc_otg
[    3.571763] usb 1-1.1: New USB device found, idVendor=0424, idProduct=ec00
[    3.580972] usb 1-1.1: New USB device strings: Mfr=0, Product=0, SerialNumber=0
[    3.594201] smsc95xx v1.0.6
[    3.684971] smsc95xx 1-1.1:1.0 eth0: register 'smsc95xx' at usb-3f980000.usb-1.1, smsc95xx USB 2.0 Ethernet, b8:27:eb:7e:61:dd
[    3.694367] smsc95xx 1-1.1:1.0 enxb827eb7e61dd: renamed from eth0
[    3.781547] EXT4-fs (mmcblk0p2): mounted filesystem with ordered data mode. Opts: (null)
<<<< stage 2 starts here
[    4.011457] usb 1-1.4: new high-speed USB device number 4 using dwc_otg
[    4.157734] usb 1-1.4: New USB device found, idVendor=0951, idProduct=1666
[    4.167065] usb 1-1.4: New USB device strings: Mfr=1, Product=2, SerialNumber=3
[    4.176792] usb 1-1.4: Product: DataTraveler 3.0
[    4.183747] usb 1-1.4: Manufacturer: Kingston
[    4.190357] usb 1-1.4: SerialNumber: 60A44C3FAC04B280C97A04FD
[    4.199153] usb-storage 1-1.4:1.0: USB Mass Storage device detected
[    4.208831] scsi host0: usb-storage 1-1.4:1.0
[    5.634478] scsi 0:0:0:0: Direct-Access     Kingston DataTraveler 3.0 PMAP PQ: 0 ANSI: 6
[    5.652526] sd 0:0:0:0: [sda] 30277632 512-byte logical blocks: (15.5 GB/14.4 GiB)
[    5.670947] sd 0:0:0:0: [sda] Write Protect is off
[    5.678727] sd 0:0:0:0: [sda] Mode Sense: 23 00 00 00
[    5.689228] sd 0:0:0:0: [sda] No Caching mode page found
[    5.697361] sd 0:0:0:0: [sda] Assuming drive cache: write through
[    5.714970]  sda: sda1
[    5.726810] sd 0:0:0:0: [sda] Attached SCSI removable disk
[   13.886002] EXT4-fs (sda1): mounted filesystem with ordered data mode. Opts: (null)
<<<< stage 2 log drive mounted, now working 
[   45.286957] random: crng init done
[   45.292953] random: 7 urandom warning(s) missed due to ratelimiting
[  131.390383] EXT4-fs (mmcblk0p6): mounted filesystem with ordered data mode. Opts: (null)
<<<< stage 2 done flashing mounted resin-data
[  131.723656] reboot: Restarting system
<<<< resin boot
MMC:   mmc@7e202000: 0, mmc@7e300000: 1
Loading Environment from FAT... *** Warning - bad CRC, using default environment

Failed (-5)
In:    serial
Out:   vidconsole
Err:   vidconsole
Net:   No ethernet found.
starting USB...
USB0:   scanning bus 0 for devices... 4 USB Device(s) found
       scanning usb for storage devices... 1 Storage Device(s) found
autoboot in 1 second (type stop to abort or " " to delay)
switch to partitions #0, OK
mmc0 is current device
Scanning mmc 0:1...
Found U-Boot script /boot.scr
434 bytes read in 0 ms
## Executing script at 02400000
Scanning MMC and USB devices 0 1 2
** Unable to read file resin-image-flasher **
24 bytes read in 0 ms
Card did not respond to voltage select!
** Bad device mmc 1 **
** Bad device mmc 2 **
** Unrecognized filesystem type **
** Bad device usb 1 **
** Bad device usb 2 **
Found resin image on mmc 0
Loading resinOS_uEnv.txt from mmc device 0 partition 1
** Unable to read file resinOS_uEnv.txt **
9282280 bytes read in 386 ms (22.9 MiB/s)
Kernel image @ 0x080000 [ 0x000000 - 0x8da2e8 ]
## Flattened Device Tree blob at 2eff9d00
   Booting using the fdt blob at 0x2eff9d00
   reserving fdt memory region: addr=0 size=1000
   Using Device Tree in place at 2eff9d00, end 2f002fe4

Starting kernel ...

[    0.000000] Booting Linux on physical CPU 0x0
[    0.000000] Linux version 4.14.39 (oe-user@oe-host) (gcc version 7.3.0 (GCC)) #1 SMP Thu Sep 13 09:08:41 UTC 2018
[    0.000000] CPU: ARMv7 Processor [410fd034] revision 4 (ARMv7), cr=10c5383d
[    0.000000] CPU: div instructions available: patching division code
[    0.000000] CPU: PIPT / VIPT nonaliasing data cache, VIPT aliasing instruction cache
[    0.000000] OF: fdt: Machine model: Raspberry Pi 3 Model B Rev 1.2
[    0.000000] Memory policy: Data cache writealloc
[    0.000000] cma: Reserved 8 MiB at 0x3dc00000
[    0.000000] random: get_random_bytes called from start_kernel+0xac/0x448 with crng_init=0
[    0.000000] percpu: Embedded 17 pages/cpu @be59f000 s38732 r8192 d22708 u69632
[    0.000000] Built 1 zonelists, mobility grouping on.  Total pages: 253242
[    0.000000] Kernel command line: 8250.nr_uarts=1 bcm2708_fb.fbwidth=656 bcm2708_fb.fbheight=416 bcm2708_fb.fbdepth=16 bcm2708_fb.fbswap=1 vc_mem.mem_base=0x3f000000 vc_mem.mem_size=0x3f600000  dwc_otg.lpm_enable=0 console=tty1 console=ttyS0,115200 rootfstype=ext4 rootwait root=PARTUUID=1e4f95b4-02 rootwait
[    0.000000] PID hash table entries: 4096 (order: 2, 16384 bytes)
[    0.000000] Dentry cache hash table entries: 131072 (order: 7, 524288 bytes)
[    0.000000] Inode-cache hash table entries: 65536 (order: 6, 262144 bytes)
[    0.000000] Memory: 982732K/1021952K available (8192K kernel code, 598K rwdata, 2264K rodata, 8192K init, 721K bss, 31028K reserved, 8192K cma-reserved)
[    0.000000] Virtual kernel memory layout:
[    0.000000]     vector  : 0xffff0000 - 0xffff1000   (   4 kB)
[    0.000000]     fixmap  : 0xffc00000 - 0xfff00000   (3072 kB)
[    0.000000]     vmalloc : 0xbe800000 - 0xff800000   (1040 MB)
[    0.000000]     lowmem  : 0x80000000 - 0xbe600000   ( 998 MB)
[    0.000000]     modules : 0x7f000000 - 0x80000000   (  16 MB)
[    0.000000]       .text : 0x80008000 - 0x80900000   (9184 kB)
[    0.000000]       .init : 0x80c00000 - 0x81400000   (8192 kB)
[    0.000000]       .data : 0x81400000 - 0x81495b94   ( 599 kB)
[    0.000000]        .bss : 0x8149d7b0 - 0x81551ecc   ( 722 kB)
[    0.000000] SLUB: HWalign=64, Order=0-3, MinObjects=0, CPUs=4, Nodes=1
[    0.000000] ftrace: allocating 27776 entries in 82 pages
[    0.000000] Hierarchical RCU implementation.
[    0.000000] NR_IRQS: 16, nr_irqs: 16, preallocated irqs: 16
[    0.000000] arch_timer: cp15 timer(s) running at 19.20MHz (phys).
[    0.000000] clocksource: arch_sys_counter: mask: 0xffffffffffffff max_cycles: 0x46d987e47, max_idle_ns: 440795202767 ns
[    0.000007] sched_clock: 56 bits at 19MHz, resolution 52ns, wraps every 4398046511078ns
[    0.000021] Switching to timer-based delay loop, resolution 52ns
[    0.000271] Console: colour dummy device 80x30
[    0.000823] console [tty1] enabled
[    0.000866] Calibrating delay loop (skipped), value calculated using timer frequency.. 38.40 BogoMIPS (lpj=192000)
[    0.000907] pid_max: default: 32768 minimum: 301
[    0.001239] Mount-cache hash table entries: 2048 (order: 1, 8192 bytes)
[    0.001272] Mountpoint-cache hash table entries: 2048 (order: 1, 8192 bytes)
[    0.002129] CPU: Testing write buffer coherency: ok
[    0.002557] CPU0: thread -1, cpu 0, socket 0, mpidr 80000000
[    0.002968] Setting up static identity map for 0x100000 - 0x10003c
[    0.003102] Hierarchical SRCU implementation.
[    0.003756] smp: Bringing up secondary CPUs ...
[    0.004476] CPU1: thread -1, cpu 1, socket 0, mpidr 80000001
[    0.005236] CPU2: thread -1, cpu 2, socket 0, mpidr 80000002
[    0.005973] CPU3: thread -1, cpu 3, socket 0, mpidr 80000003
[    0.006079] smp: Brought up 1 node, 4 CPUs
[    0.006150] SMP: Total of 4 processors activated (153.60 BogoMIPS).
[    0.006171] CPU: All CPU(s) started in HYP mode.
[    0.006188] CPU: Virtualization extensions available.
[    0.007054] devtmpfs: initialized
[    0.017328] VFP support v0.3: implementor 41 architecture 3 part 40 variant 3 rev 4
[    0.017573] clocksource: jiffies: mask: 0xffffffff max_cycles: 0xffffffff, max_idle_ns: 19112604462750000 ns
[    0.017623] futex hash table entries: 1024 (order: 4, 65536 bytes)
[    0.018214] pinctrl core: initialized pinctrl subsystem
[    0.018975] NET: Registered protocol family 16
[    0.021570] DMA: preallocated 1024 KiB pool for atomic coherent allocations
[    0.026207] hw-breakpoint: found 5 (+1 reserved) breakpoint and 4 watchpoint registers.
[    0.026240] hw-breakpoint: maximum watchpoint size is 8 bytes.
[    0.026456] Serial: AMBA PL011 UART driver
[    0.028198] bcm2835-mbox 3f00b880.mailbox: mailbox enabled
[    0.028667] uart-pl011 3f201000.serial: could not find pctldev for node /soc/gpio@7e200000/uart0_pins, deferring probe
[    0.060230] bcm2835-dma 3f007000.dma: DMA legacy API manager at be813000, dmachans=0x1
[    0.061666] SCSI subsystem initialized
[    0.061902] usbcore: registered new interface driver usbfs
[    0.061977] usbcore: registered new interface driver hub
[    0.062078] usbcore: registered new device driver usb
[    0.070084] raspberrypi-firmware soc:firmware: Attached to firmware from 2018-04-16 18:18
[    0.071427] clocksource: Switched to clocksource arch_sys_counter
[    0.152405] VFS: Disk quotas dquot_6.6.0
[    0.152514] VFS: Dquot-cache hash table entries: 1024 (order 0, 4096 bytes)
[    0.152716] FS-Cache: Loaded
[    0.152933] CacheFiles: Loaded
[    0.161821] NET: Registered protocol family 2
[    0.162555] TCP established hash table entries: 8192 (order: 3, 32768 bytes)
[    0.162684] TCP bind hash table entries: 8192 (order: 4, 65536 bytes)
[    0.162887] TCP: Hash tables configured (established 8192 bind 8192)
[    0.163033] UDP hash table entries: 512 (order: 2, 16384 bytes)
[    0.163094] UDP-Lite hash table entries: 512 (order: 2, 16384 bytes)
[    0.163340] NET: Registered protocol family 1
[    0.163816] RPC: Registered named UNIX socket transport module.
[    0.163840] RPC: Registered udp transport module.
[    0.163858] RPC: Registered tcp transport module.
[    0.163878] RPC: Registered tcp NFSv4.1 backchannel transport module.
[    0.222552] hw perfevents: enabled with armv7_cortex_a7 PMU driver, 7 counters available
[    0.225412] workingset: timestamp_bits=14 max_order=18 bucket_order=4
[    0.233106] squashfs: version 4.0 (2009/01/31) Phillip Lougher
[    0.233403] FS-Cache: Netfs 'nfs' registered for caching
[    0.234013] NFS: Registering the id_resolver key type
[    0.234070] Key type id_resolver registered
[    0.234090] Key type id_legacy registered
[    0.234119] nfs4filelayout_init: NFSv4 File Layout Driver Registering...
[    0.235318] aufs 4.14-20180409
[    0.236517] Block layer SCSI generic (bsg) driver version 0.4 loaded (major 251)
[    0.236656] io scheduler noop registered
[    0.236678] io scheduler deadline registered
[    0.236962] io scheduler cfq registered (default)
[    0.236985] io scheduler mq-deadline registered
[    0.237005] io scheduler kyber registered
[    0.239790] BCM2708FB: allocated DMA memory fdd10000
[    0.239835] BCM2708FB: allocated DMA channel 0 @ be813000
[    0.245088] Console: switching to colour frame buffer device 82x26
[    0.250147] Serial: 8250/16550 driver, 1 ports, IRQ sharing enabled
[    0.253185] bcm2835-rng 3f104000.rng: hwrng registered
[    0.254930] vc-mem: phys_addr:0x00000000 mem_base=0x3f000000 mem_size:0x3f600000(1014 MiB)
[    0.258684] vc-sm: Videocore shared memory driver
[    0.260695] gpiomem-bcm2835 3f200000.gpiomem: Initialised: Registers at 0x3f200000
[    0.273912] brd: module loaded
[    0.284159] loop: module loaded
[    0.285823] Loading iSCSI transport class v2.0-870.
[    0.288109] libphy: Fixed MDIO Bus: probed
[    0.289772] tun: Universal TUN/TAP device driver, 1.6
[    0.291712] usbcore: registered new interface driver lan78xx
[    0.293449] usbcore: registered new interface driver smsc95xx
[    0.295086] dwc_otg: version 3.00a 10-AUG-2012 (platform bus)
[    0.497149] Core Release: 2.80a
[    0.498724] Setting default values for core params
[    0.500282] Finished setting default values for core params
[    0.702106] Using Buffer DMA mode
[    0.703683] Periodic Transfer Interrupt Enhancement - disabled
[    0.705316] Multiprocessor Interrupt Enhancement - disabled
[    0.706976] OTG VER PARAM: 0, OTG VER FLAG: 0
[    0.708648] Dedicated Tx FIFOs mode
[    0.710682] WARN::dwc_otg_hcd_init:1046: FIQ DMA bounce buffers: virt = 0xbdd04000 dma = 0xfdd04000 len=9024
[    0.714188] FIQ FSM acceleration enabled for :
[    0.714188] Non-periodic Split Transactions
[    0.714188] Periodic Split Transactions
[    0.714188] High-Speed Isochronous Endpoints
[    0.714188] Interrupt/Control Split Transaction hack enabled
[    0.722490] WARN::hcd_init_fiq:459: FIQ on core 1 at 0x8064f158
[    0.724099] WARN::hcd_init_fiq:460: FIQ ASM at 0x8064f4b4 length 36
[    0.725661] WARN::hcd_init_fiq:486: MPHI regs_base at 0xbe87e000
[    0.727267] dwc_otg 3f980000.usb: DWC OTG Controller
[    0.728873] dwc_otg 3f980000.usb: new USB bus registered, assigned bus number 1
[    0.730519] dwc_otg 3f980000.usb: irq 62, io mem 0x00000000
[    0.732183] Init: Port Power? op_state=1
[    0.733771] Init: Power Port (0)
[    0.735514] usb usb1: New USB device found, idVendor=1d6b, idProduct=0002
[    0.737176] usb usb1: New USB device strings: Mfr=3, Product=2, SerialNumber=1
[    0.738831] usb usb1: Product: DWC OTG Controller
[    0.740457] usb usb1: Manufacturer: Linux 4.14.39 dwc_otg_hcd
[    0.742118] usb usb1: SerialNumber: 3f980000.usb
[    0.744280] hub 1-0:1.0: USB hub found
[    0.745904] hub 1-0:1.0: 1 port detected
[    0.748187] usbcore: registered new interface driver usb-storage
[    0.749932] mousedev: PS/2 mouse device common for all mice
[    0.751613] IR NEC protocol handler initialized
[    0.753197] IR RC5(x/sz) protocol handler initialized
[    0.754751] IR RC6 protocol handler initialized
[    0.756251] IR JVC protocol handler initialized
[    0.757704] IR Sony protocol handler initialized
[    0.759162] IR SANYO protocol handler initialized
[    0.760629] IR Sharp protocol handler initialized
[    0.762093] IR MCE Keyboard/mouse protocol handler initialized
[    0.763560] IR XMP protocol handler initialized
[    0.765686] bcm2835-wdt 3f100000.watchdog: Broadcom BCM2835 watchdog timer
[    0.767458] bcm2835-cpufreq: min=600000 max=1200000
[    0.769350] sdhci: Secure Digital Host Controller Interface driver
[    0.770881] sdhci: Copyright(c) Pierre Ossman
[    0.772687] mmc-bcm2835 3f300000.mmc: could not get clk, deferring probe
[    0.773660] sdhost-bcm2835 3f202000.mmc: could not get clk, deferring probe
[    0.774502] sdhci-pltfm: SDHCI platform and OF driver helper
[    0.776428] ledtrig-cpu: registered to indicate activity on CPUs
[    0.777328] hidraw: raw HID events driver (C) Jiri Kosina
[    0.778227] usbcore: registered new interface driver usbhid
[    0.779027] usbhid: USB HID core driver
[    0.780201] vchiq: vchiq_init_state: slot_zero = bdd80000, is_master = 0
[    0.782112] [vc_sm_connected_init]: start
[    0.785384] vc_vchi_sm_init: failed to open VCHI service (-1)
[    0.785388] [vc_sm_connected_init]: failed to initialize shared memory service
[    0.787096] [vc_sm_connected_init]: end - returning -1
[    0.788408] nf_conntrack version 0.5.0 (16384 buckets, 65536 max)
[    0.789674] ip_tables: (C) 2000-2006 Netfilter Core Team
[    0.790836] Initializing XFRM netlink socket
[    0.792013] NET: Registered protocol family 10
[    0.793473] Segment Routing with IPv6
[    0.794380] NET: Registered protocol family 17
[    0.795276] bridge: filtering via arp/ip/ip6tables is no longer available by default. Update your scripts to load br_netfilter if you need this.
[    0.797163] Key type dns_resolver registered
[    0.798296] Registering SWP/SWPB emulation handler
[    0.799543] registered taskstats version 1
[    0.803786] uart-pl011 3f201000.serial: cts_event_workaround enabled
[    0.804780] 3f201000.serial: ttyAMA0 at MMIO 0x3f201000 (irq = 87, base_baud = 0) is a PL011 rev2
[    0.807486] console [ttyS0] disabled
[    0.808409] 3f215040.serial: ttyS0 at MMIO 0x0 (irq = 166, base_baud = 31250000) is a 16550
[    1.903509] console [ttyS0] enabled
[    1.908448] mmc-bcm2835 3f300000.mmc: mmc_debug:0 mmc_debug2:0
[    1.915307] mmc-bcm2835 3f300000.mmc: DMA channel allocated
[    1.982091] sdhost: log_buf @ bdd07000 (fdd07000)
[    2.024475] mmc1: queuing unknown CIS tuple 0x80 (2 bytes)
[    2.031533] Indeed it is in host mode hprt0 = 00021501
[    2.099556] mmc1: queuing unknown CIS tuple 0x80 (3 bytes)
[    2.108491] mmc1: queuing unknown CIS tuple 0x80 (3 bytes)
[    2.118590] mmc1: queuing unknown CIS tuple 0x80 (7 bytes)
[    2.118810] random: fast init done
[    2.130984] mmc0: sdhost-bcm2835 loaded - DMA enabled (>1)
[    2.139261] of_cfs_init
[    2.142635] of_cfs_init: OK
[    2.166316] Freeing unused kernel memory: 8192K
[    2.241526] usb 1-1: new high-speed USB device number 2 using dwc_otg
[    2.250195] Indeed it is in host mode hprt0 = 00001101
[    2.327705] mmc0: host does not support reading read-only switch, assuming write-enable
[    2.339533] mmc1: new high speed SDIO card at address 0001
[    2.347694] mmc0: new high speed SDHC card at address aaaa
[    2.355006] mmcblk0: mmc0:aaaa SC16G 14.8 GiB
[    2.365768]  mmcblk0: p1 p2 p3 p4 < p5 p6 >
[    2.491912] usb 1-1: New USB device found, idVendor=0424, idProduct=9514
[    2.500399] usb 1-1: New USB device strings: Mfr=0, Product=0, SerialNumber=0
[    2.509232] hub 1-1:1.0: USB hub found
[    2.514274] hub 1-1:1.0: 5 ports detected
starting version 237
[    2.841519] usb 1-1.1: new high-speed USB device number 3 using dwc_otg
CP437: Invalid argument
fsck.fat 4.1 (2017-01-2[    2.981671] usb 1-1.1: New USB device found, idVendor=0424, idProduct=ec00
4)
[    2.989602] usb 1-1.1: New USB device strings: Mfr=0, Product=0, SerialNumber=0
[    3.005542] smsc95xx v1.0.6
/dev/disk/by-label/resin-boot: 154 files, 8695/20431 clusters
resin-rootA: clean, 5790/39936 files, 258924/319488 blocks
resin-rootB: clean, 11/39936 files, 15349/319488 blocks
[    3.093667] smsc95xx 1-1.1:1.0 eth0: register 'smsc95xx' at usb-3f980000.usb-1.1, smsc95xx USB 2.0 Ethernet, b8:27:eb:7e:61:dd
resin-state: clean, 11/5136 files, 1849/20480 blocks
[    3.351765]  mmcblk0: p1 p2 p3 p4 < p5 p6 >
[    3.401469] usb 1-1.4: new high-speed USB device number 4 using dwc_otg
[    3.548161] usb 1-1.4: New USB device found, idVendor=0951, idProduct=1666
[    3.556298] usb 1-1.4: New USB device strings: Mfr=1, Product=2, SerialNumber=3
[    3.564665] usb 1-1.4: Product: DataTraveler 3.0
[    3.570349] usb 1-1.4: Manufacturer: Kingston
[    3.575771] usb 1-1.4: SerialNumber: 60A44C3FAC04B280C97A04FD
[    3.583303] usb-storage 1-1.4:1.0: USB Mass Storage device detected
[    3.591497] scsi host0: usb-storage 1-1.4:1.0
[    4.118775] EXT4-fs (mmcblk0p2): mounted filesystem with ordered data mode. Opts: (null)
[    4.162046] EXT4-fs (mmcblk0p5): mounted filesystem with ordered data mode. Opts: (null)
[    4.672364] EXT4-fs (mmcblk0p2): re-mounted. Opts: (null)
[    4.693091] aufs au_opts_verify:1623:init[1]: dirperm1 breaks the protection by the permission bits on the lower branch
[33mWARN[0m[0000] Couldn't run auplink before unmount /tmp/docker-aufs-union048804757: exec: "auplink": executable file not found in $PATH 
[    5.061185] scsi 0:0:0:0: Direct-Access     Kingston DataTraveler 3.0 PMAP PQ: 0 ANSI: 6
[    5.075005] sd 0:0:0:0: [sda] 30277632 512-byte logical blocks: (15.5 GB/14.4 GiB)
[    5.085135] systemd[1]: System time before build time, advancing clock.
[    5.095604] sd 0:0:0:0: [sda] Write Protect is off
[    5.104061] sd 0:0:0:0: [sda] No Caching mode page found
[    5.110494] sd 0:0:0:0: [sda] Assuming drive cache: write through
[    5.129452]  sda: sda1
[    5.137020] systemd[1]: systemd 237 running in system mode. (-PAM -AUDIT -SELINUX +IMA -APPARMOR +SMACK +SYSVINIT +UTMP -LIBCRYPTSETUP -GCRYPT -GNUTLS +ACL +XZ -LZ4 -SECCOMP +BLKID -ELFUTILS +KMOD -IDN2 -IDN -PCRE2 default-hierarchy=hybrid)
[    5.162262] systemd[1]: Detected architecture arm.
[    5.168216] sd 0:0:0:0: [sda] Attached SCSI removable disk

Welcome to [1mResin OS 2.15.1+rev2[0m!

[    5.211765] systemd[1]: No hostname configured.
[    5.218561] systemd[1]: Set hostname to <localhost>.
[    5.235447] random: systemd: uninitialized urandom read (16 bytes read)
[    5.244470] systemd[1]: Initializing machine ID from random generator.
[    5.263065] systemd[1]: Hardware watchdog 'Broadcom BCM2835 Watchdog timer', version 0
[    5.273352] systemd[1]: Set hardware watchdog to 10s.
[    5.357352] systemd[1]: File /lib/systemd/system/systemd-journald.service:35 configures an IP firewall (IPAddressDeny=any), but the local system does not support BPF/cgroup based firewalling.
[    5.378011] systemd[1]: Proceeding WITHOUT firewalling in effect! (This warning is only shown for the first loaded unit using IP firewalling.)
[    5.590407] systemd[1]: Unnecessary job for /dev/disk/by-label/resin-state was removed.
[    5.605467] random: systemd: uninitialized urandom read (16 bytes read)
[[0;32m  OK  [0m] Reached target Remote File Systems.
[    5.641696] random: systemd: uninitialized urandom read (16 bytes read)
[[0;32m  OK  [0m] Created slice User and Session Slice.
[[0;32m  OK  [0m] Started Forward Password Requests to Wall Directory Watch.
[[0;32m  OK  [0m] Reached target Swap.
[[0;32m  OK  [0m] Created slice System Slice.
[[0;32m  OK  [0m] Created slice system-serial\x2dgetty.slice.
[[0;32m  OK  [0m] Created slice system-getty.slice.
[[0;32m  OK  [0m] Listening on udev Control Socket.
[[0;32m  OK  [0m] Listening on /dev/initctl Compatibility Named Pipe.
[[0;32m  OK  [0m] Created slice system-resin\x2dinfo.slice.
[[0;32m  OK  [0m] Listening on Syslog Socket.
[[0;32m  OK  [0m] Listening on udev Kernel Socket.
[[0;32m  OK  [0m] Reached target Slices.
[[0;32m  OK  [0m] Listening on Journal Socket (/dev/log).
[[0;32m  OK  [0m] Listening on Journal Socket.
         Mounting POSIX Message Queue File System...
         Starting Resin state partition mount service...
         Starting Resin active root partition mount service...
         Mounting Kernel Debug File System...
         Starting Resin inactive root partition mount service...
         Starting Resin boot partition mount service...
         Starting Journal Service...
         Mounting Kernel Configuration File System...
         Starting Apply Kernel Variables...
         Starting Create list of required stâ€¦ce nodes for the current kernel...
         Starting Setup Virtual Console...
         Starting Remount Root and Kernel File Systems...
         Mounting Temporary Directory (/tmp)...
         Starting udev Coldplug all Devices...
[[0;32m  OK  [0m] Started Journal Service.
[[0;32m  OK  [0m] Mounted POSIX Message Queue File System.
[[0;32m  OK  [0m] Started Resin state partition mount service.
[[0;32m  OK  [0m] Mounted Kernel Debug File System.
[[0;32m  OK  [0m] Started Resin boot partition mount service.
[[0;32m  OK  [0m] Mounted Kernel Configuration File System.
[[0;32m  OK  [0m] Started Apply Kernel Variables.
[[0;32m  OK  [0m] Started Create list of required staâ€¦vice nodes for the current kernel.
[[0;32m  OK  [0m] Started Setup Virtual Console.
[[0;32m  OK  [0m] Started Remount Root and Kernel File Systems.
[[0;32m  OK  [0m] Mounted Temporary Directory (/tmp).
         Starting Create Static Device Nodes in /dev...
         Starting Expand resin-data partition...
         Starting OS configuration device key service...
[[0;32m  OK  [0m] Started udev Coldplug all Devices.
[[0;32m  OK  [0m] Started Create Static Device Nodes in /dev.
[[0;32m  OK  [0m] Reached target Local File Systems (Pre).
         Mounting /var/volatile...
[[0;32m  OK  [0m] Reached target Containers.
         Starting udev Kernel Device Manager...
         Starting udev Wait for Complete Device Initialization...
[[0;32m  OK  [0m] Mounted /var/volatile.
         Starting Resin reset OS state...
         Starting Bind mount volatile /var/spool...
         Starting Bind mount volatile /var/cache...
         Starting Bind mount volatile /srv...
         Starting Bind mount volatile /var/lib...
[[0;32m  OK  [0m] Started udev Kernel Device Manager.
[[0;32m  OK  [0m] Started Bind mount volatile /var/spool.
[[0;32m  OK  [0m] Started Bind mount volatile /var/cache.
[[0;32m  OK  [0m] Started Bind mount volatile /srv.
[[0;32m  OK  [0m] Started Bind mount volatile /var/lib.
[[0;32m  OK  [0m] Started Resin reset OS state.
[    7.622331] snd_bcm2835: module is from the staging directory, the quality is unknown, you have been warned.
[    7.636935] bcm2835_alsa bcm2835_alsa: card created with 8 channels
[[0;32m  OK  [0m] Reached target Local File Systems.
         Starting Tell Plymouth To Write Out Runtime Data...
         Starting Create Volatile Files and Directories...
[[0;32m  OK  [0m] Found device /dev/serial0.
[[0;32m  OK  [0m] Found device /dev/serial1.
[[0;32m  OK  [0m] Started Tell Plymouth To Write Out Runtime Data.
[[0;32m  OK  [0m] Started Create Volatile Files and Directories.
[[0;32m  OK  [[    8.033388] brcmfmac: brcmf_fw_map_chip_to_name: using brcm/brcmfmac43430-sdio.bin for chip 0x00a9a6(43430) rev 0x000001
0m] List[    8.047376] usbcore: registered new interface driver brcmfmac
ening on Load/Save RF Kill Switch Status /dev/rfkill Watch.
[[0;32m  OK  [0m] Reached target Sound Card.
         Starting Bind mount for /etc/dropbear...
         Starting Bind mount for /home/root/.rnd...
         Starting Bind mount for /home/root/.docker...
         Starting Bind mount for /etc/resin-supervisor...
         Starting Bind mount for /etc/NetworkManager/system-connections...
[    8.260253] random: crng init done
[    8.265836] random: 7 urandom warning(s) missed due to ratelimiting
         Starting Bind mount for /etc/docker...
[    8.285506] brcmfmac: brcmf_c_preinit_dcmds: Firmware version = wl0: Oct 23 2017 03:55:53 version 7.45.98.38 (r674442 CY) FWID 01-e58d219f
[    8.303987] brcmfmac: brcmf_c_preinit_dcmds: CLM version = API: 12.2 Data: 7.11.15 Compiler: 1.24.2 ClmImport: 1.24.1 Creation: 2014-05-26 10:53:55 Inc Data: 9.10.39 Inc Compiler: 1.29.4 Inc ClmImport: 1.36.3 Creation: 2017-10-23 03:47:14 
         Starting Update UTMP about System Boot/Shutdown...
         Starting Bind mount for /var/lib/chrony...
         Starting Bind mount for /etc/hostname...
         Starting Bind mount for /home/root/.ssh...
         Starting Bind mount for /etc/openvpn...
[    8.497437] EXT4-fs (mmcblk0p3): mounted filesystem with ordered data mode. Opts: (null)
         Starting Bind mount for /var/lib/systemd...
         Starting Bind mount for /var/lib/NetworkManager...
[[0;32m  OK  [0m] Started Resin active root partition mount service.
[[0;32m  OK  [0m] Started Resin inactive root partition mount service.
[[0;32m  OK  [0m] Started Expand resin-data partition.
[[0;32m  OK  [0m] Started OS configuration device key service.
[[0;32m  OK  [0m] Started Bind mount for /etc/dropbear.
[[0;32m  OK  [0m] Started Bind mount for /home/root/.rnd.
[[0;32m  OK  [0m] Started Bind mount for /home/root/.docker.
[[0;32m  OK  [0m] Started Bind mount for /etc/resin-supervisor.
[[0;32m  OK  [0m] Started Bind mount for /etc/NetworkManager/system-connections.
[[0;32m  OK  [0m] Started Bind mount for /etc/docker.
[[0;32m  OK  [0m] Started Bind mount for /var/lib/chrony.
[[0;32m  OK  [0m] Started Bind mount for /etc/hostname.
[[0;32m  OK  [0m] Started Bind mount for /home/root/.ssh.
[[0;32m  OK  [0m] Started Bind mount for /etc/openvpn.
[[0;32m  OK  [0m] Started Bind mount for /var/lib/systemd.
[[0;32m  OK  [0m] Started Bind mount for /var/lib/NetworkManager.
[[0;32m  OK  [0m] Started udev Wait for Complete Device Initialization.
         Starting Show Plymouth Boot Screen...
[    9.441393] EXT4-fs (mmcblk0p6): mounted filesystem with ordered data mode. Opts: (null)
[    9.667539] uart-pl011 3f201000.serial: no DMA platform data
[   10.446170] i2c /dev entries driver
[   10.466718] brcmfmac: power management disabled
[   11.538303] IPv6: ADDRCONF(NETDEV_UP): eth0: link is not ready
[   11.643905] smsc95xx 1-1.1:1.0 eth0: hardware isn't capable of remote wakeup
[   11.654166] IPv6: ADDRCONF(NETDEV_UP): eth0: link is not ready
[   11.749554] IPv6: ADDRCONF(NETDEV_UP): wlan0: link is not ready
[   11.801209] IPv6: ADDRCONF(NETDEV_UP): wlan0: link is not ready
[   11.809564] brcmfmac: power management disabled
[   12.354721] IPv6: ADDRCONF(NETDEV_UP): wlan0: link is not ready
[   12.362393] brcmfmac: power management disabled
[   12.622520] IPv6: ADDRCONF(NETDEV_UP): wlan0: link is not ready
[   12.805788] Bridge firewalling registered
[   13.038456] Netfilter messages via NETLINK v0.30.
[   13.051066] ctnetlink v0.93: registering with nfnetlink.
[   13.087343] IPv6: ADDRCONF(NETDEV_UP): balena0: link is not ready
[   13.683762] IPv6: ADDRCONF(NETDEV_UP): wlan0: link is not ready
[   13.692680] brcmfmac: power management disabled
[   14.389922] Bluetooth: Core ver 2.22
[   14.394744] NET: Registered protocol family 31
[   14.400223] Bluetooth: HCI device and connection manager initialized
[   14.407780] Bluetooth: HCI socket layer initialized
[   14.413853] Bluetooth: L2CAP socket layer initialized
[   14.420463] Bluetooth: SCO socket layer initialized
[   14.442065] Bluetooth: HCI UART driver ver 2.3
[   14.447507] Bluetooth: HCI UART protocol H4 registered
[   14.453643] Bluetooth: HCI UART protocol Three-wire (H5) registered
[   14.461046] Bluetooth: HCI UART protocol Broadcom registered
[   14.494818] IPv6: ADDRCONF(NETDEV_CHANGE): wlan0: link becomes ready
[   14.825559] Bluetooth: BNEP (Ethernet Emulation) ver 1.3
[   14.831035] Bluetooth: BNEP filters: protocol multicast
[   14.836852] Bluetooth: BNEP socket layer initialized
[   16.718334] IPv6: wlan0: IPv6 duplicate address 2407:7000:8c8f:600::2 detected!



Resin OS 2.15.1 af2ddae serial0

af2ddae login: root


7[r[999;999H[6n8root@af2ddae:~# ifconfig 
balena0   Link encap:Ethernet  HWaddr 02:42:B8:2E:6E:FE  
          inet addr:10.114.101.1  Bcast:10.114.101.255  Mask:255.255.255.0
          UP BROADCAST MULTICAST  MTU:1500  Metric:1
          RX packets:0 errors:0 dropped:0 overruns:0 frame:0
          TX packets:0 errors:0 dropped:0 overruns:0 carrier:0
          collisions:0 txqueuelen:0 
          RX bytes:0 (0.0 B)  TX bytes:0 (0.0 B)

eth0      Link encap:Ethernet  HWaddr B8:27:EB:7E:61:DD  
          UP BROADCAST MULTICAST  MTU:1500  Metric:1
          RX packets:0 errors:0 dropped:0 overruns:0 frame:0
          TX packets:0 errors:0 dropped:0 overruns:0 carrier:0
          collisions:0 txqueuelen:1000 
          RX bytes:0 (0.0 B)  TX bytes:0 (0.0 B)

lo        Link encap:Local Loopback  
          inet addr:127.0.0.1  Mask:255.0.0.0
          inet6 addr: ::1/128 Scope:Host
          UP LOOPBACK RUNNING  MTU:65536  Metric:1
          RX packets:108 errors:0 dropped:0 overruns:0 frame:0
          TX packets:108 errors:0 dropped:0 overruns:0 carrier:0
          collisions:0 txqueuelen:1000 
          RX bytes:9303 (9.0 KiB)  TX bytes:9303 (9.0 KiB)

resin-dns Link encap:Ethernet  HWaddr 2A:A8:25:6C:0E:BB  
          inet addr:10.114.102.1  Bcast:0.0.0.0  Mask:255.255.255.0
          inet6 addr: fe80::28a8:25ff:fe6c:ebb/64 Scope:Link
          UP BROADCAST RUNNING MULTICAST  MTU:1500  Metric:1
          RX packets:0 errors:0 dropped:0 overruns:0 frame:0
          TX packets:30 errors:0 dropped:0 overruns:0 carrier:0
          collisions:0 txqueuelen:1000 
          RX bytes:0 (0.0 B)  TX bytes:4838 (4.7 KiB)

wlan0     Link encap:Ethernet  HWaddr B8:27:EB:2B:34:88  
          inet addr:192.168.1.12  Bcast:192.168.1.255  Mask:255.255.255.0
          inet6 addr: fe80::6a02:2c21:301a:88ec/64 Scope:Link
          inet6 addr: fd44:6ee5:4969:7f00:f22e:8b30:d009:9407/64 Scope:Global
          inet6 addr: 2407:7000:8c8f:626:c5c2:1958:6f25:8506/64 Scope:Global
          UP BROADCAST RUNNING MULTICAST  MTU:1500  Metric:1
          RX packets:87 errors:0 dropped:0 overruns:0 frame:0
          TX packets:162 errors:0 dropped:0 overruns:0 carrier:0
          collisions:0 txqueuelen:1000 
          RX bytes:40068 (39.1 KiB)  TX bytes:26179 (25.5 KiB)

root@af2ddae:~# [   25.924043] IPv6: ADDRCONF(NETDEV_UP): supervisor0: link is not ready
[   73.562659] IPv6: ADDRCONF(NETDEV_UP): br-b077aa6ee1ba: link is not ready
